// Jest Snapshot v1, https://goo.gl/fbAQLP

exports[`renders a snapshot 1`] = `
<div
  className="App"
>
  <div>
    <h1>
      Book Search Tool
    </h1>
    <h3>
      Please enter the title of the book.
    </h3>
  </div>
  <div>
    <form
      onSubmit={[Function]}
    >
      <input
        name="search"
        onChange={[Function]}
        placeholder="Search.."
        type="text"
        value=""
      />
      <button
        type="submit"
      >
        Search
      </button>
    </form>
  </div>
  <div>
    <h4>
      Results
    </h4>
    <div
      style={
        Object {
          "direction": "row",
          "display": "block",
        }
      }
    >
      <p>
        Sort by: 
      </p>
      <button
        onClick={[Function]}
        type="button"
      >
        Title  
        <svg
          aria-hidden="true"
          className="svg-inline--fa fa-sort fa-w-10 "
          data-icon="sort"
          data-prefix="fas"
          focusable="false"
          role="img"
          style={Object {}}
          viewBox="0 0 320 512"
          xmlns="http://www.w3.org/2000/svg"
        >
          <path
            d="M41 288h238c21.4 0 32.1 25.9 17 41L177 448c-9.4 9.4-24.6 9.4-33.9 0L24 329c-15.1-15.1-4.4-41 17-41zm255-105L177 64c-9.4-9.4-24.6-9.4-33.9 0L24 183c-15.1 15.1-4.4 41 17 41h238c21.4 0 32.1-25.9 17-41z"
            fill="currentColor"
            style={Object {}}
          />
        </svg>
      </button>
       
      <button
        onClick={[Function]}
        type="button"
      >
        Date  
        <svg
          aria-hidden="true"
          className="svg-inline--fa fa-sort fa-w-10 "
          data-icon="sort"
          data-prefix="fas"
          focusable="false"
          role="img"
          style={Object {}}
          viewBox="0 0 320 512"
          xmlns="http://www.w3.org/2000/svg"
        >
          <path
            d="M41 288h238c21.4 0 32.1 25.9 17 41L177 448c-9.4 9.4-24.6 9.4-33.9 0L24 329c-15.1-15.1-4.4-41 17-41zm255-105L177 64c-9.4-9.4-24.6-9.4-33.9 0L24 183c-15.1 15.1-4.4 41 17 41h238c21.4 0 32.1-25.9 17-41z"
            fill="currentColor"
            style={Object {}}
          />
        </svg>
      </button>
       
    </div>
    <div
      className="container"
    />
  </div>
</div>
`;
